// Jest Snapshot v1, https://goo.gl/fbAQLP

exports[`Button should render correctly 1`] = `
<button
  className="Control Control--size-normal Button Button--color-default"
/>
`;
